################################################################################
#                                                                              #
#      IAR Universal Linker V6.3.4.78                                          #
#                                                                              #
#           Link time     =  15/Oct/2016  09:09:40                             #
#           Target CPU    =  MSP430                                            #
#           List file     =  C:\Temp\GIT\ThermoHygroMeter\Release\List\ThermoH #
#                            ygroMeter.map                                     #
#           Output file 1 =  C:\Temp\GIT\ThermoHygroMeter\Release\Exe\ThermoHy #
#                            groMeter.txt                                      #
#                            Format: msp430_txt                                #
#           Command line  =  C:\Temp\GIT\ThermoHygroMeter\Release\Obj\hdc1080. #
#                            r43                                               #
#                            C:\Temp\GIT\ThermoHygroMeter\Release\Obj\i2c.r43  #
#                            C:\Temp\GIT\ThermoHygroMeter\Release\Obj\main.r43 #
#                            -o                                                #
#                            C:\Temp\GIT\ThermoHygroMeter\Release\Exe\ThermoHy #
#                            groMeter.txt                                      #
#                            -Fmsp430_txt -l                                   #
#                            C:\Temp\GIT\ThermoHygroMeter\Release\List\ThermoH #
#                            ygroMeter.map                                     #
#                            -xms                                              #
#                            "-IC:\Program Files (x86)\IAR Systems\Embedded Wo #
#                            rkbench 6.40.1\430\LIB\"                          #
#                            -f                                                #
#                            "C:\Program Files (x86)\IAR Systems\Embedded Work #
#                            bench 6.40.1\430\config\linker\lnk430g2553.xcl"   #
#                            (-cmsp430 -QCODE_I=CODE_ID -QTLS16_I=TLS16_ID     #
#                            -Z(CONST)INFO=1000-10FF                           #
#                            -Z(CONST)INFOA=10C0-10FF                          #
#                            -Z(CONST)INFOB=1080-10BF                          #
#                            -Z(CONST)INFOC=1040-107F                          #
#                            -Z(CONST)INFOD=1000-103F                          #
#                            -Z(DATA)DATA16_I,DATA16_Z,DATA16_N,TLS16_I=0200-0 #
#                            3FF                                               #
#                            -Z(DATA)DATA16_HEAP+_DATA16_HEAP_SIZE             #
#                            -Z(DATA)CODE_I -Z(DATA)CSTACK+_STACK_SIZE#        #
#                            -Z(CONST)DATA16_C,DATA16_ID,TLS16_ID,DIFUNCT,CHEC #
#                            KSUM=C000-FFDD                                    #
#                            -Z(CODE)CSTART,ISR_CODE,CODE_ID=C000-FFDD         #
#                            -P(CODE)CODE=C000-FFDD                            #
#                            -Z(CONST)SIGNATURE=FFDE-FFDF                      #
#                            -Z(CODE)INTVEC=FFE0-FFFF                          #
#                            -Z(CODE)RESET=FFFE-FFFF) -D_STACK_SIZE=50         #
#                            "C:\Program Files (x86)\IAR Systems\Embedded Work #
#                            bench 6.40.1\430\lib\clib\cl430f.r43"             #
#                            -e_large_write=_formatted_write                   #
#                            -e_large_read=_formatted_read                     #
#                            -D_DATA16_HEAP_SIZE=50 -s __program_start         #
#                            -D_DATA20_HEAP_SIZE=50                            #
#                                                                              #
#                           Copyright (C) 1987-2015 IAR Systems AB.            #
################################################################################





                ****************************************
                *                                      *
                *           CROSS REFERENCE            *
                *                                      *
                ****************************************

       Program entry at :           C018  Relocatable, from module : ?cstart




                ****************************************
                *                                      *
                *            RUNTIME MODEL             *
                *                                      *
                ****************************************

  __SystemLibrary = CLib
  __core          = 430
  __double_size   = 32
  __pic           = no
  __reg_r4        = free
  __reg_r5        = free
  __rt_version    = 3

                ****************************************
                *                                      *
                *    AUTOMATIC SYMBOL REDIRECTIONS     *
                *                                      *
                ****************************************

                  There are no automatic symbol redirections.



                ****************************************
                *                                      *
                *              MODULE MAP              *
                *                                      *
                ****************************************


  DEFINED ABSOLUTE ENTRIES
    *************************************************************************

  DEFINED ABSOLUTE ENTRIES
  PROGRAM MODULE, NAME : ?ABS_ENTRY_MOD

Absolute parts
           ENTRY                   ADDRESS         REF BY
           =====                   =======         ======
           _DATA20_HEAP_SIZE       0050 
           _DATA16_HEAP_SIZE       0050 
           _STACK_SIZE             0050 
    *************************************************************************

  FILE NAME : C:\Temp\GIT\ThermoHygroMeter\Release\Obj\hdc1080.r43
  PROGRAM MODULE, NAME : hdc1080

  SEGMENTS IN THE MODULE
  ======================
DATA16_AN
  Relative segment, address: 0021 - 0021 (0x1 bytes), align: 0
  Segment part 1. ROOT        Intra module refs:   HDC_1080_setup
                                                   i2c_read (i2c)
                                                   i2c_write (i2c)
                                                   main (main)
                                                   read_byte (i2c)
                                                   write_byte (i2c)
           ENTRY                   ADDRESS         REF BY
           =====                   =======         ======
           P1OUT                   0021 
    -------------------------------------------------------------------------
DATA16_I
  Relative segment, address: 0200 - 0207 (0x8 bytes), align: 1
  Segment part 3.             Intra module refs:   HDC_1080_setup
    -------------------------------------------------------------------------
DATA16_I
  Relative segment, address: 0208 - 020B (0x4 bytes), align: 1
  Segment part 5.             Intra module refs:   HDC_1080_get
    -------------------------------------------------------------------------
DATA16_Z
  Relative segment, address: 020C - 0213 (0x8 bytes), align: 1
  Segment part 7.             Intra module refs:   HDC_1080_get
    -------------------------------------------------------------------------
DATA16_Z
  Relative segment, address: 0214 - 0215 (0x2 bytes), align: 1
  Segment part 8.             Intra module refs:   HDC_1080_get
           ENTRY                   ADDRESS         REF BY
           =====                   =======         ======
           ack                     0214 
    -------------------------------------------------------------------------
DATA16_Z
  Relative segment, address: 0216 - 0219 (0x4 bytes), align: 1
  Segment part 9.             Intra module refs:   HDC_1080_get
           ENTRY                   ADDRESS         REF BY
           =====                   =======         ======
           temp                    0216 
    -------------------------------------------------------------------------
<CODE> 1 (was CODE)
  Relative segment, address: C62E - C643 (0x16 bytes), align: 1
  Segment part 10.
           ENTRY                   ADDRESS         REF BY
           =====                   =======         ======
           HDC_1080_setup          C62E            main (main)
               calls direct
    -------------------------------------------------------------------------
<CODE> 1 (was CODE)
  Relative segment, address: C28C - C311 (0x86 bytes), align: 1
  Segment part 11.
           ENTRY                   ADDRESS         REF BY
           =====                   =======         ======
           HDC_1080_get            C28C            GetData (main)
                                                   main (main)
               calls direct
    -------------------------------------------------------------------------
DATA16_ID
  Relative segment, address: C00C - C013 (0x8 bytes), align: 1
  Segment part 4.             Intra module refs:   Segment part 3
    -------------------------------------------------------------------------
DATA16_ID
  Relative segment, address: C014 - C017 (0x4 bytes), align: 1
  Segment part 6.             Intra module refs:   Segment part 5

    *************************************************************************

  FILE NAME : C:\Temp\GIT\ThermoHygroMeter\Release\Obj\i2c.r43
  PROGRAM MODULE, NAME : i2c

  SEGMENTS IN THE MODULE
  ======================
DATA16_AN
  Relative segment, address: 0020 - 0020 (0x1 bytes), align: 0
  Segment part 1. ROOT        Intra module refs:   read_byte
                                                   write_byte
           ENTRY                   ADDRESS         REF BY
           =====                   =======         ======
           P1IN                    0020 
    -------------------------------------------------------------------------
DATA16_AN
  Relative segment, address: 0022 - 0022 (0x1 bytes), align: 0
  Segment part 3. ROOT        Intra module refs:   i2c_read
                                                   i2c_write
                                                   read_byte
                                                   write_byte
           ENTRY                   ADDRESS         REF BY
           =====                   =======         ======
           P1DIR                   0022 
    -------------------------------------------------------------------------
<CODE> 1 (was CODE)
  Relative segment, address: C4E6 - C53F (0x5a bytes), align: 1
  Segment part 6.
           ENTRY                   ADDRESS         REF BY
           =====                   =======         ======
           i2c_write               C4E6            HDC_1080_get (hdc1080)
                                                   HDC_1080_setup (hdc1080)
               calls direct
    -------------------------------------------------------------------------
<CODE> 1 (was CODE)
  Relative segment, address: C390 - C407 (0x78 bytes), align: 1
  Segment part 8.
           ENTRY                   ADDRESS         REF BY
           =====                   =======         ======
           i2c_read                C390            HDC_1080_get (hdc1080)
               calls direct
    -------------------------------------------------------------------------
<CODE> 1 (was CODE)
  Relative segment, address: C408 - C477 (0x70 bytes), align: 1
  Segment part 5.             Intra module refs:   i2c_read
                                                   i2c_write
           LOCAL                   ADDRESS         
           =====                   =======         
           write_byte              C408 
    -------------------------------------------------------------------------
<CODE> 1 (was CODE)
  Relative segment, address: C312 - C38F (0x7e bytes), align: 1
  Segment part 7.             Intra module refs:   i2c_read
           LOCAL                   ADDRESS         
           =====                   =======         
           read_byte               C312 

    *************************************************************************

  FILE NAME : C:\Temp\GIT\ThermoHygroMeter\Release\Obj\main.r43
  PROGRAM MODULE, NAME : main

  SEGMENTS IN THE MODULE
  ======================
DATA16_AN
  Relative segment, address: 0056 - 0056 (0x1 bytes), align: 0
  Segment part 1. ROOT        Intra module refs:   configureClocks
           ENTRY                   ADDRESS         REF BY
           =====                   =======         ======
           DCOCTL                  0056 
    -------------------------------------------------------------------------
DATA16_AN
  Relative segment, address: 0057 - 0057 (0x1 bytes), align: 0
  Segment part 2. ROOT        Intra module refs:   configureClocks
           ENTRY                   ADDRESS         REF BY
           =====                   =======         ======
           BCSCTL1                 0057 
    -------------------------------------------------------------------------
DATA16_AN
  Relative segment, address: 0023 - 0023 (0x1 bytes), align: 0
  Segment part 4. ROOT        Intra module refs:   Port_1
                                                   main
           ENTRY                   ADDRESS         REF BY
           =====                   =======         ======
           P1IFG                   0023 
    -------------------------------------------------------------------------
DATA16_AN
  Relative segment, address: 0024 - 0024 (0x1 bytes), align: 0
  Segment part 5. ROOT        Intra module refs:   main
           ENTRY                   ADDRESS         REF BY
           =====                   =======         ======
           P1IES                   0024 
    -------------------------------------------------------------------------
DATA16_AN
  Relative segment, address: 0025 - 0025 (0x1 bytes), align: 0
  Segment part 6. ROOT        Intra module refs:   main
           ENTRY                   ADDRESS         REF BY
           =====                   =======         ======
           P1IE                    0025 
    -------------------------------------------------------------------------
DATA16_AN
  Relative segment, address: 0027 - 0027 (0x1 bytes), align: 0
  Segment part 7. ROOT        Intra module refs:   main
           ENTRY                   ADDRESS         REF BY
           =====                   =======         ======
           P1REN                   0027 
    -------------------------------------------------------------------------
DATA16_AN
  Relative segment, address: 0029 - 0029 (0x1 bytes), align: 0
  Segment part 8. ROOT        Intra module refs:   displayBAt
                                                   displayHumi
                                                   displayTemp
                                                   main
           ENTRY                   ADDRESS         REF BY
           =====                   =======         ======
           P2OUT                   0029 
    -------------------------------------------------------------------------
DATA16_AN
  Relative segment, address: 002A - 002A (0x1 bytes), align: 0
  Segment part 9. ROOT        Intra module refs:   main
           ENTRY                   ADDRESS         REF BY
           =====                   =======         ======
           P2DIR                   002A 
    -------------------------------------------------------------------------
DATA16_AN
  Relative segment, address: 0019 - 0019 (0x1 bytes), align: 0
  Segment part 10. ROOT       Intra module refs:   main
           ENTRY                   ADDRESS         REF BY
           =====                   =======         ======
           P3OUT                   0019 
    -------------------------------------------------------------------------
DATA16_AN
  Relative segment, address: 001A - 001A (0x1 bytes), align: 0
  Segment part 11. ROOT       Intra module refs:   displayBAt
                                                   displayHumi
                                                   displayTemp
                                                   main
           ENTRY                   ADDRESS         REF BY
           =====                   =======         ======
           P3DIR                   001A 
    -------------------------------------------------------------------------
DATA16_AN
  Relative segment, address: 0120 - 0121 (0x2 bytes), align: 0
  Segment part 12. ROOT       Intra module refs:   main
           ENTRY                   ADDRESS         REF BY
           =====                   =======         ======
           WDTCTL                  0120 
    -------------------------------------------------------------------------
DATA16_AN
  Relative segment, address: 10F9 - 10F9 (0x1 bytes), align: 0
  Segment part 13. ROOT       Intra module refs:   configureClocks
           ENTRY                   ADDRESS         REF BY
           =====                   =======         ======
           CALBC1_16MHZ            10F9 
    -------------------------------------------------------------------------
DATA16_AN
  Relative segment, address: 10FB - 10FB (0x1 bytes), align: 0
  Segment part 14. ROOT       Intra module refs:   configureClocks
           ENTRY                   ADDRESS         REF BY
           =====                   =======         ======
           CALBC1_12MHZ            10FB 
    -------------------------------------------------------------------------
DATA16_AN
  Relative segment, address: 10FD - 10FD (0x1 bytes), align: 0
  Segment part 15. ROOT       Intra module refs:   configureClocks
           ENTRY                   ADDRESS         REF BY
           =====                   =======         ======
           CALBC1_8MHZ             10FD 
    -------------------------------------------------------------------------
DATA16_AN
  Relative segment, address: 10FE - 10FE (0x1 bytes), align: 0
  Segment part 16. ROOT       Intra module refs:   configureClocks
           ENTRY                   ADDRESS         REF BY
           =====                   =======         ======
           CALDCO_1MHZ             10FE 
    -------------------------------------------------------------------------
DATA16_AN
  Relative segment, address: 10FF - 10FF (0x1 bytes), align: 0
  Segment part 17. ROOT       Intra module refs:   configureClocks
           ENTRY                   ADDRESS         REF BY
           =====                   =======         ======
           CALBC1_1MHZ             10FF 
    -------------------------------------------------------------------------
DATA16_AC
  Relative segment, address: FFDE - FFDF (0x2 bytes), align: 0
  Segment part 18. ROOT 
    -------------------------------------------------------------------------
DATA16_C
  Relative segment, address: C000 - C00A (0xb bytes), align: 0
  Segment part 21.            Intra module refs:   displayHumi
                                                   displayTemp
           ENTRY                   ADDRESS         REF BY
           =====                   =======         ======
           NumberOUT               C000 
    -------------------------------------------------------------------------
DATA16_Z
  Relative segment, address: 022E - 022E (0x1 bytes), align: 0
  Segment part 26.            Intra module refs:   displayHumi
                                                   displayTemp
           ENTRY                   ADDRESS         REF BY
           =====                   =======         ======
           numberP                 022E 
    -------------------------------------------------------------------------
DATA16_Z
  Relative segment, address: 021A - 021B (0x2 bytes), align: 1
  Segment part 27.            Intra module refs:   Port_1
                                                   main
           ENTRY                   ADDRESS         REF BY
           =====                   =======         ======
           Display                 021A 
    -------------------------------------------------------------------------
DATA16_Z
  Relative segment, address: 021C - 021D (0x2 bytes), align: 1
  Segment part 28.            Intra module refs:   GetData
           ENTRY                   ADDRESS         REF BY
           =====                   =======         ======
           humidity                021C 
    -------------------------------------------------------------------------
DATA16_Z
  Relative segment, address: 021E - 021F (0x2 bytes), align: 1
  Segment part 29.            Intra module refs:   GetData
           ENTRY                   ADDRESS         REF BY
           =====                   =======         ======
           temperature             021E 
    -------------------------------------------------------------------------
DATA16_Z
  Relative segment, address: 0220 - 0221 (0x2 bytes), align: 1
  Segment part 30.            Intra module refs:   main
           ENTRY                   ADDRESS         REF BY
           =====                   =======         ======
           batteryLow              0220 
    -------------------------------------------------------------------------
DATA16_Z
  Relative segment, address: 0222 - 0223 (0x2 bytes), align: 1
  Segment part 31.            Intra module refs:   GetData
                                                   displayTemp
           ENTRY                   ADDRESS         REF BY
           =====                   =======         ======
           to                      0222 
    -------------------------------------------------------------------------
DATA16_Z
  Relative segment, address: 0224 - 0225 (0x2 bytes), align: 1
  Segment part 32.            Intra module refs:   GetData
                                                   displayTemp
           ENTRY                   ADDRESS         REF BY
           =====                   =======         ======
           tt                      0224 
    -------------------------------------------------------------------------
DATA16_Z
  Relative segment, address: 0226 - 0227 (0x2 bytes), align: 1
  Segment part 33.            Intra module refs:   GetData
                                                   displayHumi
                                                   displayTemp
           ENTRY                   ADDRESS         REF BY
           =====                   =======         ======
           th                      0226 
    -------------------------------------------------------------------------
DATA16_Z
  Relative segment, address: 0228 - 0229 (0x2 bytes), align: 1
  Segment part 34.            Intra module refs:   GetData
                                                   displayHumi
           ENTRY                   ADDRESS         REF BY
           =====                   =======         ======
           ho                      0228 
    -------------------------------------------------------------------------
DATA16_Z
  Relative segment, address: 022A - 022B (0x2 bytes), align: 1
  Segment part 35.            Intra module refs:   GetData
                                                   displayHumi
           ENTRY                   ADDRESS         REF BY
           =====                   =======         ======
           ht                      022A 
    -------------------------------------------------------------------------
DATA16_Z
  Relative segment, address: 022C - 022D (0x2 bytes), align: 1
  Segment part 36.            Intra module refs:   GetData
                                                   displayHumi
           ENTRY                   ADDRESS         REF BY
           =====                   =======         ======
           hh                      022C 
    -------------------------------------------------------------------------
<CODE> 1 (was CODE)
  Relative segment, address: C040 - C163 (0x124 bytes), align: 1
  Segment part 42.
           ENTRY                   ADDRESS         REF BY
           =====                   =======         ======
           main                    C040            Segment part 18 (?cstart)
               calls direct
    -------------------------------------------------------------------------
<CODE> 1 (was CODE)
  Relative segment, address: C1F8 - C28B (0x94 bytes), align: 1
  Segment part 38.            Intra module refs:   main
           ENTRY                   ADDRESS         REF BY
           =====                   =======         ======
           displayTemp             C1F8 
               calls direct
    -------------------------------------------------------------------------
<CODE> 1 (was CODE)
  Relative segment, address: C164 - C1F7 (0x94 bytes), align: 1
  Segment part 37.            Intra module refs:   main
           ENTRY                   ADDRESS         REF BY
           =====                   =======         ======
           displayHumi             C164 
               calls direct
    -------------------------------------------------------------------------
<CODE> 1 (was CODE)
  Relative segment, address: C5E0 - C5FD (0x1e bytes), align: 1
  Segment part 40.            Intra module refs:   main
           ENTRY                   ADDRESS         REF BY
           =====                   =======         ======
           displayBAt              C5E0 
               calls direct
    -------------------------------------------------------------------------
<CODE> 1 (was CODE)
  Relative segment, address: C478 - C4E5 (0x6e bytes), align: 1
  Segment part 43.            Intra module refs:   Port_1
           ENTRY                   ADDRESS         REF BY
           =====                   =======         ======
           GetData                 C478 
               calls direct
    -------------------------------------------------------------------------
<CODE> 1 (was CODE)
  Relative segment, address: C5B6 - C5DF (0x2a bytes), align: 1
  Segment part 41.            Intra module refs:   main
           ENTRY                   ADDRESS         REF BY
           =====                   =======         ======
           configureClocks         C5B6 
    -------------------------------------------------------------------------
<CODE> 1 (was CODE)
  Relative segment, address: C654 - C65F (0xc bytes), align: 1
  Segment part 39.            Intra module refs:   displayBAt
                                                   displayHumi
                                                   displayTemp
           ENTRY                   ADDRESS         REF BY
           =====                   =======         ======
           delay                   C654 
    -------------------------------------------------------------------------
<CODE> 1 (was CODE)
  Relative segment, address: C676 - C677 (0x2 bytes), align: 1
  Segment part 45.            Intra module refs:   Port_1
           ENTRY                   ADDRESS         REF BY
           =====                   =======         ======
           delay_us                C676 
    -------------------------------------------------------------------------
<CODE> 1 (was CODE)
  Relative segment, address: C540 - C585 (0x46 bytes), align: 1
  Segment part 46.            Intra module refs:   Port_1::??INTVEC 4
           ENTRY                   ADDRESS         REF BY
           =====                   =======         ======
           Port_1                  C540 
               interrupt function
               calls direct
    -------------------------------------------------------------------------
INTVEC
  Common segment, address: FFE0 - FFE5 (0x6 bytes), align: 1
  Segment part 19. ROOT 
           ENTRY                   ADDRESS         REF BY
           =====                   =======         ======
           Port_1::??INTVEC 4      FFE4 

    *************************************************************************

  FILE NAME : C:\Program Files (x86)\IAR Systems\Embedded Workbench 6.40.1\430\lib\clib\cl430f.r43
  LIBRARY MODULE, NAME : ?_exit

  SEGMENTS IN THE MODULE
  ======================
<CODE> 1 (was CODE)
  Relative segment, address: C66E, align: 1
  Segment part 0.
           ENTRY                   ADDRESS         REF BY
           =====                   =======         ======
           _exit                   C66E            exit (?clibexit)
    -------------------------------------------------------------------------
<CODE> 1 (was CODE)
  Relative segment, address: C66E - C671 (0x4 bytes), align: 1
  Segment part 6.             Intra module refs:   _exit

    -------------------------------------------------------------------------
  LIBRARY MODULE, NAME : ?clibexit

  SEGMENTS IN THE MODULE
  ======================
<CODE> 1 (was CODE)
  Relative segment, address: C66A - C66D (0x4 bytes), align: 1
  Segment part 2.
           ENTRY                   ADDRESS         REF BY
           =====                   =======         ======
           exit                    C66A            Segment part 18 (?cstart)
               calls direct

    -------------------------------------------------------------------------
  LIBRARY MODULE, NAME : ?__exit

  SEGMENTS IN THE MODULE
  ======================
<CODE> 1 (was CODE)
  Relative segment, address: C678 - C679 (0x2 bytes), align: 1
  Segment part 0.
           ENTRY                   ADDRESS         REF BY
           =====                   =======         ======
           __exit                  C678            Segment part 6 (?_exit)
                                                   _exit (?_exit)
           ?C_EXIT                 C678 

    -------------------------------------------------------------------------
  LIBRARY MODULE, NAME : ?cstart

  SEGMENTS IN THE MODULE
  ======================
CSTACK
  Relative segment, address: 03B0, align: 1
  Segment part 1.
    -------------------------------------------------------------------------
DATA16_Z
  Relative segment, address: 022E, align: 1
  Segment part 2.
    -------------------------------------------------------------------------
DATA16_I
  Relative segment, address: 020C, align: 1
  Segment part 3.
    -------------------------------------------------------------------------
DATA16_ID
  Relative segment, address: C018, align: 1
  Segment part 4.
    -------------------------------------------------------------------------
CSTART
  Relative segment, address: C018 - C01B (0x4 bytes), align: 1
  Segment part 9.
           ENTRY                   ADDRESS         REF BY
           =====                   =======         ======
           __program_start         C018            ?reset_vector (?reset_vector)
                                                   Absolute parts (?ABS_ENTRY_MOD)
           ?cstart_begin           C018 
    -------------------------------------------------------------------------
CSTART
  Relative segment, address: C01C - C027 (0xc bytes), align: 1
  Segment part 13.
           ENTRY                   ADDRESS         REF BY
           =====                   =======         ======
           ?cstart_init_zero       C01C            Display (main)
                                                   Segment part 7 (hdc1080)
                                                   ack (hdc1080)
                                                   batteryLow (main)
                                                   hh (main)
                                                   ho (main)
                                                   ht (main)
                                                   humidity (main)
                                                   numberP (main)
                                                   temp (hdc1080)
                                                   temperature (main)
                                                   th (main)
                                                   to (main)
                                                   tt (main)
    -------------------------------------------------------------------------
CSTART
  Relative segment, address: C028 - C037 (0x10 bytes), align: 1
  Segment part 14.
           ENTRY                   ADDRESS         REF BY
           =====                   =======         ======
           ?cstart_init_copy       C028            Segment part 3 (hdc1080)
                                                   Segment part 5 (hdc1080)
    -------------------------------------------------------------------------
CSTART
  Relative segment, address: C038 - C03F (0x8 bytes), align: 1
  Segment part 18.            Intra module refs:   Segment part 9
           ENTRY                   ADDRESS         REF BY
           =====                   =======         ======
           ?cstart_call_main       C038 
           ?cstart_end             C040 

    -------------------------------------------------------------------------
  LIBRARY MODULE, NAME : ?reset_vector

  SEGMENTS IN THE MODULE
  ======================
RESET
  Relative segment, address: FFFE - FFFF (0x2 bytes), align: 1
  Segment part 0.
           ENTRY                   ADDRESS         REF BY
           =====                   =======         ======
           ?reset_vector           FFFE            Segment part 9 (?cstart)

    -------------------------------------------------------------------------
  LIBRARY MODULE, NAME : ?Epilogue

  SEGMENTS IN THE MODULE
  ======================
<CODE> 1 (was CODE)
  Relative segment, address: C660 - C661 (0x2 bytes), align: 1
  Segment part 4.
           ENTRY                   ADDRESS         REF BY
           =====                   =======         ======
           ?Epilogue4              C660            i2c_read (i2c)
    -------------------------------------------------------------------------
<CODE> 1 (was CODE)
  Relative segment, address: C662 - C669 (0x8 bytes), align: 1
  Segment part 5.             Intra module refs:   ?Epilogue4
           ENTRY                   ADDRESS         REF BY
           =====                   =======         ======
           ?Epilogue3              C662            displayHumi (main)
                                                   displayTemp (main)

    -------------------------------------------------------------------------
  LIBRARY MODULE, NAME : ?Mul32

  SEGMENTS IN THE MODULE
  ======================
<CODE> 1 (was CODE)
  Relative segment, address: C586 - C5B5 (0x30 bytes), align: 1
  Segment part 0.
           ENTRY                   ADDRESS         REF BY
           =====                   =======         ======
           ?Mul32                  C586            HDC_1080_get (hdc1080)

    -------------------------------------------------------------------------
  LIBRARY MODULE, NAME : ?DivMod816u

  SEGMENTS IN THE MODULE
  ======================
<CODE> 1 (was CODE)
  Relative segment, address: C616 - C62D (0x18 bytes), align: 1
  Segment part 1.
           ENTRY                   ADDRESS         REF BY
           =====                   =======         ======
           ?DivMod16u              C616            GetData (main)

    -------------------------------------------------------------------------
  LIBRARY MODULE, NAME : ?memcpy

  SEGMENTS IN THE MODULE
  ======================
<CODE> 1 (was CODE)
  Relative segment, address: C5FE - C615 (0x18 bytes), align: 1
  Segment part 2.
           ENTRY                   ADDRESS         REF BY
           =====                   =======         ======
           memcpy                  C5FE            __data16_memcpy (?memzero)

    -------------------------------------------------------------------------
  LIBRARY MODULE, NAME : ?memzero

  SEGMENTS IN THE MODULE
  ======================
<CODE> 1 (was CODE)
  Relative segment, address: C644 - C653 (0x10 bytes), align: 1
  Segment part 2.
           ENTRY                   ADDRESS         REF BY
           =====                   =======         ======
           __data16_memzero        C644            ?cstart_init_zero (?cstart)
    -------------------------------------------------------------------------
<CODE> 1 (was CODE)
  Relative segment, address: C672 - C675 (0x4 bytes), align: 1
  Segment part 3.
           ENTRY                   ADDRESS         REF BY
           =====                   =======         ======
           __data16_memcpy         C672            ?cstart_init_copy (?cstart)
               calls direct




                ****************************************
                *                                      *
                *      SEGMENTS IN ADDRESS ORDER       *
                *                                      *
                ****************************************


SEGMENT              SPACE    START ADDRESS   END ADDRESS     SIZE  TYPE  ALIGN
=======              =====    =============   ===========     ====  ====  =====
DATA16_AN                              0019 - 001A               2   rel    0
                                       0020 - 0025               6 
                                       0027 - 0027               1 
                                       0029 - 002A               2 
                                       0056 - 0057               2 
                                       0120 - 0121               2 
DATA16_I                               0200 - 020B               C   rel    1
DATA16_Z                               020C - 022E              23   rel    1
CSTACK                                 03B0 - 03FF              50   rel    1
DATA16_AN                              10F9 - 10F9               1   rel    0
                                       10FB - 10FB               1 
                                       10FD - 10FF               3 
DATA16_C                               C000 - C00A               B   rel    0
DATA16_ID                              C00C - C017               C   rel    1
CSTART                                 C018 - C03F              28   rel    1
<CODE> 1                               C040 - C679             63A   rel    1
DATA16_AC                              FFDE - FFDF               2   rel    0
INTVEC                                 FFE0 - FFE5               6   com    1
RESET                                  FFFE - FFFF               2   rel    1

                ****************************************
                *                                      *
                *        END OF CROSS REFERENCE        *
                *                                      *
                ****************************************

 1 642 bytes of CODE  memory
   127 bytes of DATA  memory (+ 20 absolute )
    23 bytes of CONST memory (+  2 absolute )

Errors: none
Warnings: none

